[35mStarting loop 1 of 100 (B[m
[34mRunning 7z warmup on all cores (B[m
[32mRunning 7z for 1 seconds (B[m
[32mRunning 7z for 2 seconds (B[m
[32mRunning 7z for 3 seconds (B[m
[32mRunning 7z for 4 seconds (B[m
[32mRunning 7z for 5 seconds (B[m
[35mStopping tests and cleaning up (B[m
[36mOptions
[35mLoops: 100 (B[m
[35mBrowsers: 2 (B[m
[35mCore blacklist:  (B[m
[35mCPU topology: 0 (B[m
[36mTest Settings
[35mLight time: 5s (B[m
[35mMedium time: 30s (B[m
[35mHeavy time: 60s (B[m
[35mAll core time: 20s (B[m
[35mRapid tests: 30 (B[m
[35mRapid time: 1s (B[m
[35mRest time: 5s (B[m
[36mOptions
[35mLoops: 100 (B[m
[35mBrowsers: 2 (B[m
[35mCore blacklist:  (B[m
[35mCPU topology: 0 (B[m
[36mTest Settings
[35mLight time: 5s (B[m
[35mMedium time: 30s (B[m
[35mHeavy time: 60s (B[m
[35mAll core time: 20s (B[m
[35mRapid tests: 30 (B[m
[35mRapid time: 1s (B[m
[35mRest time: 5s (B[m
[36mOptions
[35mLoops: 100 (B[m
[35mBrowsers: 2 (B[m
[35mCore blacklist:  (B[m
[35mCPU topology: 0 (B[m
[36mTest Settings
[35mLight time: 5s (B[m
[35mMedium time: 30s (B[m
[35mHeavy time: 60s (B[m
[35mAll core time: 20s (B[m
[35mRapid tests: 30 (B[m
[35mRapid time: 1s (B[m
[35mRest time: 5s (B[m
